<html>
<body>
<pre>
<h1>µVision Build Log</h1>
<h2>Project:</h2>
C:\Users\DmitryASUS\Documents\GitHub\ArchCompLabs\Lab01\Lab01.uvproj
Project File Date:  09/17/2018

<h2>Output:</h2>
Rebuild target 'Target 1'
assembling LPC2300.s...
compiling main.c...
linking...
Program Size: Code=1088 RO-data=16 RW-data=0 ZI-data=1384  
".\Lab01.axf" - 0 Errors, 0 Warning(s).
Rebuild target 'Target 1'
assembling LPC2300.s...
compiling main.c...
linking...
Program Size: Code=1096 RO-data=16 RW-data=0 ZI-data=1384  
".\Lab01.axf" - 0 Errors, 0 Warning(s).
Rebuild target 'Target 1'
assembling LPC2300.s...
compiling main.c...
linking...
Program Size: Code=1092 RO-data=16 RW-data=0 ZI-data=1384  
".\Lab01.axf" - 0 Errors, 0 Warning(s).
Rebuild target 'Target 1'
assembling LPC2300.s...
compiling main.c...
linking...
Program Size: Code=1096 RO-data=16 RW-data=0 ZI-data=1384  
".\Lab01.axf" - 0 Errors, 0 Warning(s).
Rebuild target 'Target 1'
assembling LPC2300.s...
compiling main.c...
linking...
Program Size: Code=1096 RO-data=16 RW-data=0 ZI-data=1384  
".\Lab01.axf" - 0 Errors, 0 Warning(s).
Build target 'Target 1'
compiling main.c...
linking...
Program Size: Code=1096 RO-data=16 RW-data=0 ZI-data=1384  
".\Lab01.axf" - 0 Errors, 0 Warning(s).
Build target 'Target 1'
compiling main.c...
linking...
Program Size: Code=1092 RO-data=16 RW-data=0 ZI-data=1384  
".\Lab01.axf" - 0 Errors, 0 Warning(s).
Build target 'Target 1'
compiling main.c...
linking...
Program Size: Code=1092 RO-data=16 RW-data=0 ZI-data=1384  
".\Lab01.axf" - 0 Errors, 0 Warning(s).
Build target 'Target 1'
compiling main.c...
linking...
Program Size: Code=1108 RO-data=16 RW-data=0 ZI-data=1384  
".\Lab01.axf" - 0 Errors, 0 Warning(s).
Build target 'Target 1'
compiling main.c...
linking...
Program Size: Code=1108 RO-data=16 RW-data=0 ZI-data=1384  
".\Lab01.axf" - 0 Errors, 0 Warning(s).
Build target 'Target 1'
compiling main.c...
linking...
Program Size: Code=1096 RO-data=16 RW-data=0 ZI-data=1384  
".\Lab01.axf" - 0 Errors, 0 Warning(s).
