<html>
<body>
<pre>
<h1>µVision Build Log</h1>
<h2>Project:</h2>
C:\Users\DmitryASUS\Documents\GitHub\ArchCompLabs\Lab02My\Lab02.uvproj
Project File Date:  10/09/2018

<h2>Output:</h2>
Rebuild target 'Target 1'
assembling LPC2300.s...
compiling controller.c...
compiling main.c...
linking...
Program Size: Code=1328 RO-data=16 RW-data=0 ZI-data=1384  
".\Lab02.axf" - 0 Errors, 0 Warning(s).
Rebuild target 'Target 1'
assembling LPC2300.s...
compiling controller.c...
compiling main.c...
linking...
Program Size: Code=1140 RO-data=16 RW-data=0 ZI-data=1384  
".\Lab02.axf" - 0 Errors, 0 Warning(s).
