<html>
<body>
<pre>
<h1>µVision Build Log</h1>
<h2>Project:</h2>
C:\Users\DmitryASUS\Documents\GitHub\ArchCompLabs\Lab02_Alexandr\lab_02.uvproj
Project File Date:  10/12/2018

<h2>Output:</h2>
Rebuild target 'Target 1'
assembling LPC2300.s...
compiling main.c...
compiling controller.c...
linking...
Program Size: Code=1928 RO-data=0 RW-data=0 ZI-data=1400  
".\lab_02.axf" - 0 Errors, 0 Warning(s).
Load "C:\\Users\\DmitryASUS\\Documents\\GitHub\\ArchCompLabs\\Lab02_Alexandr\\lab_02.axf" 
Erase Done.
Programming Done.
Verify OK.
Application running ...
