<html>
<body>
<pre>
<h1>µVision Build Log</h1>
<h2>Project:</h2>
C:\Users\DmitryASUS\Documents\GitHub\ArchCompLabs\Lab03\Lab03.uvproj
Project File Date:  10/12/2018

<h2>Output:</h2>
Rebuild target 'Target 1'
assembling LPC2300.s...
compiling controller.c...
compiling main.c...
main.c(52): warning:  #111-D: statement is unreachable
linking...
Program Size: Code=2164 RO-data=16 RW-data=0 ZI-data=1400  
".\Lab03.axf" - 0 Errors, 1 Warning(s).
Rebuild target 'Target 1'
assembling LPC2300.s...
compiling controller.c...
compiling main.c...
main.c(52): warning:  #111-D: statement is unreachable
linking...
Program Size: Code=1976 RO-data=16 RW-data=0 ZI-data=1400  
".\Lab03.axf" - 0 Errors, 1 Warning(s).
Rebuild target 'Target 1'
assembling LPC2300.s...
compiling controller.c...
compiling main.c...
main.c(52): warning:  #111-D: statement is unreachable
linking...
Program Size: Code=1940 RO-data=16 RW-data=0 ZI-data=1400  
".\Lab03.axf" - 0 Errors, 1 Warning(s).
Rebuild target 'Target 1'
assembling LPC2300.s...
compiling controller.c...
compiling main.c...
main.c(52): warning:  #111-D: statement is unreachable
main.c(141): warning:  #174-D: expression has no effect
main.c(141): error:  #65: expected a ";"
main.c(143): error:  #268: declaration may not appear after executable statement in block
main.c(146): error:  #268: declaration may not appear after executable statement in block
main.c(149): error:  #268: declaration may not appear after executable statement in block
main.c(152): error:  #268: declaration may not appear after executable statement in block
main.c(180): error:  #20: identifier "device_enabled" is undefined
main.c(187): error:  #20: identifier "device_enabled" is undefined
".\Lab03.axf" - 7 Errors, 2 Warning(s).
Target not created
Rebuild target 'Target 1'
assembling LPC2300.s...
compiling controller.c...
compiling main.c...
main.c(52): warning:  #111-D: statement is unreachable
linking...
Program Size: Code=1968 RO-data=16 RW-data=0 ZI-data=1400  
".\Lab03.axf" - 0 Errors, 1 Warning(s).
Rebuild target 'Target 1'
assembling LPC2300.s...
compiling controller.c...
compiling main.c...
main.c(52): warning:  #111-D: statement is unreachable
linking...
Program Size: Code=1968 RO-data=16 RW-data=0 ZI-data=1400  
".\Lab03.axf" - 0 Errors, 1 Warning(s).
Rebuild target 'Target 1'
assembling LPC2300.s...
compiling controller.c...
compiling main.c...
main.c(51): warning:  #111-D: statement is unreachable
linking...
Program Size: Code=1952 RO-data=16 RW-data=0 ZI-data=1400  
".\Lab03.axf" - 0 Errors, 1 Warning(s).
Rebuild target 'Target 1'
assembling LPC2300.s...
compiling controller.c...
compiling main.c...
main.c(51): warning:  #111-D: statement is unreachable
linking...
Program Size: Code=1956 RO-data=16 RW-data=0 ZI-data=1400  
".\Lab03.axf" - 0 Errors, 1 Warning(s).
Rebuild target 'Target 1'
assembling LPC2300.s...
compiling controller.c...
compiling main.c...
main.c(51): warning:  #111-D: statement is unreachable
main.c(148): warning:  #177-D: variable "current_tick" was declared but never referenced
main.c(154): warning:  #177-D: variable "cycle_tick_count" was declared but never referenced
linking...
Program Size: Code=1988 RO-data=16 RW-data=0 ZI-data=1400  
".\Lab03.axf" - 0 Errors, 3 Warning(s).
Rebuild target 'Target 1'
assembling LPC2300.s...
compiling controller.c...
compiling main.c...
main.c(51): warning:  #111-D: statement is unreachable
main.c(133): warning:  #177-D: variable "current_tick" was declared but never referenced
linking...
Program Size: Code=1952 RO-data=16 RW-data=0 ZI-data=1400  
".\Lab03.axf" - 0 Errors, 2 Warning(s).
Rebuild target 'Target 1'
assembling LPC2300.s...
compiling controller.c...
compiling main.c...
main.c(51): warning:  #111-D: statement is unreachable
main.c(133): warning:  #177-D: variable "current_tick" was declared but never referenced
linking...
Program Size: Code=1948 RO-data=16 RW-data=0 ZI-data=1400  
".\Lab03.axf" - 0 Errors, 2 Warning(s).
Rebuild target 'Target 1'
assembling LPC2300.s...
compiling controller.c...
compiling main.c...
main.c(51): warning:  #111-D: statement is unreachable
main.c(133): warning:  #177-D: variable "current_tick" was declared but never referenced
linking...
Program Size: Code=1948 RO-data=16 RW-data=0 ZI-data=1400  
".\Lab03.axf" - 0 Errors, 2 Warning(s).
Rebuild target 'Target 1'
assembling LPC2300.s...
compiling controller.c...
compiling main.c...
main.c(51): warning:  #111-D: statement is unreachable
main.c(133): warning:  #177-D: variable "current_tick" was declared but never referenced
linking...
Program Size: Code=1940 RO-data=16 RW-data=0 ZI-data=1400  
".\Lab03.axf" - 0 Errors, 2 Warning(s).
Rebuild target 'Target 1'
assembling LPC2300.s...
compiling controller.c...
compiling main.c...
main.c(51): warning:  #111-D: statement is unreachable
linking...
Program Size: Code=1936 RO-data=16 RW-data=0 ZI-data=1400  
".\Lab03.axf" - 0 Errors, 1 Warning(s).
Build target 'Target 1'
compiling main.c...
main.c(51): warning:  #111-D: statement is unreachable
linking...
Program Size: Code=1936 RO-data=16 RW-data=0 ZI-data=1400  
".\Lab03.axf" - 0 Errors, 1 Warning(s).
Rebuild target 'Target 1'
assembling LPC2300.s...
compiling controller.c...
compiling main.c...
main.c(52): warning:  #111-D: statement is unreachable
linking...
Program Size: Code=2036 RO-data=16 RW-data=0 ZI-data=1400  
".\Lab03.axf" - 0 Errors, 1 Warning(s).
Rebuild target 'Target 1'
assembling LPC2300.s...
compiling controller.c...
compiling main.c...
main.c(52): warning:  #111-D: statement is unreachable
linking...
Program Size: Code=2072 RO-data=16 RW-data=0 ZI-data=1400  
".\Lab03.axf" - 0 Errors, 1 Warning(s).
Rebuild target 'Target 1'
assembling LPC2300.s...
compiling controller.c...
compiling main.c...
main.c(52): warning:  #111-D: statement is unreachable
linking...
Program Size: Code=2072 RO-data=16 RW-data=0 ZI-data=1400  
".\Lab03.axf" - 0 Errors, 1 Warning(s).
Rebuild target 'Target 1'
assembling LPC2300.s...
compiling controller.c...
compiling main.c...
main.c(52): warning:  #111-D: statement is unreachable
linking...
Program Size: Code=2064 RO-data=16 RW-data=0 ZI-data=1400  
".\Lab03.axf" - 0 Errors, 1 Warning(s).
Rebuild target 'Target 1'
assembling LPC2300.s...
compiling controller.c...
compiling main.c...
main.c(52): warning:  #111-D: statement is unreachable
linking...
Program Size: Code=2076 RO-data=16 RW-data=0 ZI-data=1400  
".\Lab03.axf" - 0 Errors, 1 Warning(s).
Build target 'Target 1'
compiling main.c...
main.c(52): warning:  #111-D: statement is unreachable
linking...
Program Size: Code=2076 RO-data=16 RW-data=0 ZI-data=1400  
".\Lab03.axf" - 0 Errors, 1 Warning(s).
Build target 'Target 1'
compiling main.c...
main.c(52): warning:  #111-D: statement is unreachable
linking...
Program Size: Code=2088 RO-data=16 RW-data=0 ZI-data=1400  
".\Lab03.axf" - 0 Errors, 1 Warning(s).
Build target 'Target 1'
compiling main.c...
main.c(52): warning:  #111-D: statement is unreachable
linking...
Program Size: Code=2096 RO-data=16 RW-data=0 ZI-data=1400  
".\Lab03.axf" - 0 Errors, 1 Warning(s).
Build target 'Target 1'
compiling main.c...
main.c(52): warning:  #111-D: statement is unreachable
linking...
Program Size: Code=2104 RO-data=16 RW-data=0 ZI-data=1400  
".\Lab03.axf" - 0 Errors, 1 Warning(s).
Build target 'Target 1'
compiling main.c...
main.c(52): warning:  #111-D: statement is unreachable
linking...
Program Size: Code=2104 RO-data=16 RW-data=0 ZI-data=1400  
".\Lab03.axf" - 0 Errors, 1 Warning(s).
Build target 'Target 1'
linking...
Program Size: Code=2104 RO-data=16 RW-data=0 ZI-data=1400  
".\Lab03.axf" - 0 Errors, 0 Warning(s).
Rebuild target 'Target 1'
assembling LPC2300.s...
compiling controller.c...
compiling main.c...
main.c(52): warning:  #111-D: statement is unreachable
linking...
Program Size: Code=2104 RO-data=16 RW-data=0 ZI-data=1400  
".\Lab03.axf" - 0 Errors, 1 Warning(s).
Build target 'Target 1'
compiling main.c...
main.c(52): warning:  #111-D: statement is unreachable
linking...
Program Size: Code=2104 RO-data=16 RW-data=0 ZI-data=1400  
".\Lab03.axf" - 0 Errors, 1 Warning(s).
Rebuild target 'Target 1'
assembling LPC2300.s...
compiling controller.c...
compiling main.c...
main.c(52): warning:  #111-D: statement is unreachable
linking...
Program Size: Code=2104 RO-data=16 RW-data=0 ZI-data=1400  
".\Lab03.axf" - 0 Errors, 1 Warning(s).
Rebuild target 'Target 1'
assembling LPC2300.s...
compiling controller.c...
compiling main.c...
main.c(52): warning:  #111-D: statement is unreachable
linking...
Program Size: Code=2112 RO-data=16 RW-data=0 ZI-data=1400  
".\Lab03.axf" - 0 Errors, 1 Warning(s).
Rebuild target 'Target 1'
assembling LPC2300.s...
compiling controller.c...
compiling main.c...
main.c(52): warning:  #111-D: statement is unreachable
linking...
Program Size: Code=2144 RO-data=16 RW-data=0 ZI-data=1400  
".\Lab03.axf" - 0 Errors, 1 Warning(s).
Rebuild target 'Target 1'
assembling LPC2300.s...
compiling controller.c...
compiling main.c...
main.c(52): warning:  #111-D: statement is unreachable
linking...
Program Size: Code=2144 RO-data=16 RW-data=0 ZI-data=1400  
".\Lab03.axf" - 0 Errors, 1 Warning(s).
Rebuild target 'Target 1'
assembling LPC2300.s...
compiling controller.c...
compiling main.c...
main.c(52): warning:  #111-D: statement is unreachable
linking...
Program Size: Code=2148 RO-data=16 RW-data=0 ZI-data=1400  
".\Lab03.axf" - 0 Errors, 1 Warning(s).
Rebuild target 'Target 1'
assembling LPC2300.s...
compiling controller.c...
compiling main.c...
main.c(52): warning:  #111-D: statement is unreachable
linking...
Program Size: Code=2148 RO-data=16 RW-data=0 ZI-data=1400  
".\Lab03.axf" - 0 Errors, 1 Warning(s).
Rebuild target 'Target 1'
assembling LPC2300.s...
compiling controller.c...
compiling main.c...
main.c(52): warning:  #111-D: statement is unreachable
linking...
Program Size: Code=2148 RO-data=16 RW-data=0 ZI-data=1400  
".\Lab03.axf" - 0 Errors, 1 Warning(s).
Rebuild target 'Target 1'
assembling LPC2300.s...
compiling controller.c...
compiling main.c...
main.c(52): warning:  #111-D: statement is unreachable
linking...
Program Size: Code=2152 RO-data=16 RW-data=0 ZI-data=1400  
".\Lab03.axf" - 0 Errors, 1 Warning(s).
Rebuild target 'Target 1'
assembling LPC2300.s...
compiling controller.c...
compiling main.c...
main.c(52): warning:  #111-D: statement is unreachable
linking...
Program Size: Code=2152 RO-data=16 RW-data=0 ZI-data=1400  
".\Lab03.axf" - 0 Errors, 1 Warning(s).
Rebuild target 'Target 1'
assembling LPC2300.s...
compiling controller.c...
compiling main.c...
main.c(52): warning:  #111-D: statement is unreachable
linking...
Program Size: Code=2152 RO-data=16 RW-data=0 ZI-data=1400  
".\Lab03.axf" - 0 Errors, 1 Warning(s).
Rebuild target 'Target 1'
assembling LPC2300.s...
compiling controller.c...
compiling main.c...
main.c(52): warning:  #111-D: statement is unreachable
linking...
Program Size: Code=2152 RO-data=16 RW-data=0 ZI-data=1400  
".\Lab03.axf" - 0 Errors, 1 Warning(s).
Rebuild target 'Target 1'
assembling LPC2300.s...
compiling controller.c...
compiling main.c...
main.c(52): warning:  #111-D: statement is unreachable
linking...
Program Size: Code=2156 RO-data=16 RW-data=0 ZI-data=1400  
".\Lab03.axf" - 0 Errors, 1 Warning(s).
Rebuild target 'Target 1'
assembling LPC2300.s...
compiling controller.c...
compiling main.c...
main.c(52): warning:  #111-D: statement is unreachable
linking...
Program Size: Code=2152 RO-data=16 RW-data=0 ZI-data=1400  
".\Lab03.axf" - 0 Errors, 1 Warning(s).
