<html>
<body>
<pre>
<h1>µVision Build Log</h1>
<h2>Project:</h2>
C:\Users\DmitryASUS\Documents\GitHub\ArchCompLabs\Lab03\Lab03.uvproj
Project File Date:  10/12/2018

<h2>Output:</h2>
Rebuild target 'Target 1'
assembling LPC2300.s...
compiling controller.c...
compiling main.c...
main.c(52): warning:  #111-D: statement is unreachable
linking...
Program Size: Code=2172 RO-data=16 RW-data=0 ZI-data=1400  
".\Lab03.axf" - 0 Errors, 1 Warning(s).
Rebuild target 'Target 1'
assembling LPC2300.s...
compiling controller.c...
compiling main.c...
main.c(52): warning:  #111-D: statement is unreachable
linking...
Program Size: Code=2176 RO-data=16 RW-data=0 ZI-data=1400  
".\Lab03.axf" - 0 Errors, 1 Warning(s).
